❯ Building...


#
# Fatal process out of memory: Zone
#
----- Native stack trace -----

Error fetching notifications: HttpErrorResponse {
  headers: _HttpHeaders {
    headers: Map(24) {
      'access-control-allow-credentials' => [Array],
      'access-control-allow-origin' => [Array],
      'connection' => [Array],
      'content-length' => [Array],
      'content-security-policy' => [Array],
      'content-type' => [Array],
      'cross-origin-opener-policy' => [Array],
      'cross-origin-resource-policy' => [Array],
      'date' => [Array],
      'etag' => [Array],
      'keep-alive' => [Array],
      'origin-agent-cluster' => [Array],
      'referrer-policy' => [Array],
      'strict-transport-security' => [Array],
      'vary' => [Array],
      'x-content-type-options' => [Array],
      'x-dns-prefetch-control' => [Array],
      'x-download-options' => [Array],
      'x-frame-options' => [Array],
      'x-permitted-cross-domain-policies' => [Array],
      'x-ratelimit-limit' => [Array],
      'x-ratelimit-remaining' => [Array],
      'x-ratelimit-reset' => [Array],
      'x-xss-protection' => [Array]
    },
    normalizedNames: Map(24) {
      'access-control-allow-credentials' => 'access-control-allow-credentials',
      'access-control-allow-origin' => 'access-control-allow-origin',
      'connection' => 'connection',
      'content-length' => 'content-length',
      'content-security-policy' => 'content-security-policy',
      'content-type' => 'content-type',
      'cross-origin-opener-policy' => 'cross-origin-opener-policy',
      'cross-origin-resource-policy' => 'cross-origin-resource-policy',
      'date' => 'date',
      'etag' => 'etag',
      'keep-alive' => 'keep-alive',
      'origin-agent-cluster' => 'origin-agent-cluster',
      'referrer-policy' => 'referrer-policy',
      'strict-transport-security' => 'strict-transport-security',
      'vary' => 'vary',
      'x-content-type-options' => 'x-content-type-options',
      'x-dns-prefetch-control' => 'x-dns-prefetch-control',
      'x-download-options' => 'x-download-options',
      'x-frame-options' => 'x-frame-options',
      'x-permitted-cross-domain-policies' => 'x-permitted-cross-domain-policies',
      'x-ratelimit-limit' => 'x-ratelimit-limit',
      'x-ratelimit-remaining' => 'x-ratelimit-remaining',
      'x-ratelimit-reset' => 'x-ratelimit-reset',
      'x-xss-protection' => 'x-xss-protection'
    },
    lazyInit: undefined,
    lazyUpdate: null
  },
  status: 401,
  statusText: 'Unauthorized',
  url: 'http://localhost:5000/api/notifications',
  ok: false,
  type: undefined,
  redirected: false,
  responseType: 'basic',
  name: 'HttpErrorResponse',
  message: 'Http failure response for http://localhost:5000/api/notifications: 401 Unauthorized',
  error: {
    message: 'Authentication token is required',
    stack: 'Error: Authentication token is required\n' +
      '    at file:///D:/projects/lookak-app/lookak-backend/src/middleware/authMiddleware.js:10:21\n' +
      '    at file:///D:/projects/lookak-app/lookak-backend/src/utils/asyncHandler.js:2:19\n' +
      '    at Layer.handleRequest (D:\\projects\\lookak-app\\lookak-backend\\node_modules\\router\\lib\\layer.js:152:17)\n' +
      '    at next (D:\\projects\\lookak-app\\lookak-backend\\node_modules\\router\\lib\\route.js:157:13)\n' +
      '    at Route.dispatch (D:\\projects\\lookak-app\\lookak-backend\\node_modules\\router\\lib\\route.js:117:3)\n' +
      '    at handle (D:\\projects\\lookak-app\\lookak-backend\\node_modules\\router\\index.js:435:11)\n' +
      '    at Layer.handleRequest (D:\\projects\\lookak-app\\lookak-backend\\node_modules\\router\\lib\\layer.js:152:17)\n' +
      '    at D:\\projects\\lookak-app\\lookak-backend\\node_modules\\router\\index.js:295:15\n' +
      '    at processParams (D:\\projects\\lookak-app\\lookak-backend\\node_modules\\router\\index.js:582:12)\n' +
      '    at next (D:\\projects\\lookak-app\\lookak-backend\\node_modules\\router\\index.js:291:5)'
  }
}
Error fetching notifications: HttpErrorResponse {
  headers: _HttpHeaders {
    headers: Map(24) {
      'access-control-allow-credentials' => [Array],
      'access-control-allow-origin' => [Array],
      'connection' => [Array],
      'content-length' => [Array],
      'content-security-policy' => [Array],
      'content-type' => [Array],
      'cross-origin-opener-policy' => [Array],
      'cross-origin-resource-policy' => [Array],
      'date' => [Array],
      'etag' => [Array],
      'keep-alive' => [Array],
      'origin-agent-cluster' => [Array],
      'referrer-policy' => [Array],
      'strict-transport-security' => [Array],
      'vary' => [Array],
      'x-content-type-options' => [Array],
      'x-dns-prefetch-control' => [Array],
      'x-download-options' => [Array],
      'x-frame-options' => [Array],
      'x-permitted-cross-domain-policies' => [Array],
      'x-ratelimit-limit' => [Array],
      'x-ratelimit-remaining' => [Array],
      'x-ratelimit-reset' => [Array],
      'x-xss-protection' => [Array]
    },
    normalizedNames: Map(24) {
      'access-control-allow-credentials' => 'access-control-allow-credentials',
      'access-control-allow-origin' => 'access-control-allow-origin',
      'connection' => 'connection',
      'content-length' => 'content-length',
      'content-security-policy' => 'content-security-policy',
      'content-type' => 'content-type',
      'cross-origin-opener-policy' => 'cross-origin-opener-policy',
      'cross-origin-resource-policy' => 'cross-origin-resource-policy',
      'date' => 'date',
      'etag' => 'etag',
      'keep-alive' => 'keep-alive',
      'origin-agent-cluster' => 'origin-agent-cluster',
      'referrer-policy' => 'referrer-policy',
      'strict-transport-security' => 'strict-transport-security',
      'vary' => 'vary',
      'x-content-type-options' => 'x-content-type-options',
      'x-dns-prefetch-control' => 'x-dns-prefetch-control',
      'x-download-options' => 'x-download-options',
      'x-frame-options' => 'x-frame-options',
      'x-permitted-cross-domain-policies' => 'x-permitted-cross-domain-policies',
      'x-ratelimit-limit' => 'x-ratelimit-limit',
      'x-ratelimit-remaining' => 'x-ratelimit-remaining',
      'x-ratelimit-reset' => 'x-ratelimit-reset',
      'x-xss-protection' => 'x-xss-protection'
    },
    lazyInit: undefined,
    lazyUpdate: null
  },
  status: 401,
  statusText: 'Unauthorized',
  url: 'http://localhost:5000/api/notifications',
  ok: false,
  type: undefined,
  redirected: false,
  responseType: 'basic',
  name: 'HttpErrorResponse',
  message: 'Http failure response for http://localhost:5000/api/notifications: 401 Unauthorized',
  error: {
    message: 'Authentication token is required',
    stack: 'Error: Authentication token is required\n' +
      '    at file:///D:/projects/lookak-app/lookak-backend/src/middleware/authMiddleware.js:10:21\n' +
      '    at file:///D:/projects/lookak-app/lookak-backend/src/utils/asyncHandler.js:2:19\n' +
      '    at Layer.handleRequest (D:\\projects\\lookak-app\\lookak-backend\\node_modules\\router\\lib\\layer.js:152:17)\n' +
      '    at next (D:\\projects\\lookak-app\\lookak-backend\\node_modules\\router\\lib\\route.js:157:13)\n' +
      '    at Route.dispatch (D:\\projects\\lookak-app\\lookak-backend\\node_modules\\router\\lib\\route.js:117:3)\n' +
      '    at handle (D:\\projects\\lookak-app\\lookak-backend\\node_modules\\router\\index.js:435:11)\n' +
      '    at Layer.handleRequest (D:\\projects\\lookak-app\\lookak-backend\\node_modules\\router\\lib\\layer.js:152:17)\n' +
      '    at D:\\projects\\lookak-app\\lookak-backend\\node_modules\\router\\index.js:295:15\n' +
      '    at processParams (D:\\projects\\lookak-app\\lookak-backend\\node_modules\\router\\index.js:582:12)\n' +
      '    at next (D:\\projects\\lookak-app\\lookak-backend\\node_modules\\router\\index.js:291:5)'
  }
}

  It looks like you're using the disabled attribute with a reactive form directive. If you set disabled to true
  when you set up this control in your component class, the disabled attribute will actually be set in the DOM for
  you. We recommend using this approach to avoid 'changed after checked' errors.

  Example:
  // Specify the `disabled` property at control creation time:
  form = new FormGroup({
    first: new FormControl({value: 'Nancy', disabled: true}, Validators.required),
    last: new FormControl('Drew', Validators.required)
  });

  // Controls can also be enabled/disabled after creation:
  form.get('first')?.enable();
  form.get('last')?.disable();


  It looks like you're using the disabled attribute with a reactive form directive. If you set disabled to true
  when you set up this control in your component class, the disabled attribute will actually be set in the DOM for
  you. We recommend using this approach to avoid 'changed after checked' errors.

  Example:
  // Specify the `disabled` property at control creation time:
  form = new FormGroup({
    first: new FormControl({value: 'Nancy', disabled: true}, Validators.required),
    last: new FormControl('Drew', Validators.required)
  });

  // Controls can also be enabled/disabled after creation:
  form.get('first')?.enable();
  form.get('last')?.disable();


  It looks like you're using the disabled attribute with a reactive form directive. If you set disabled to true
  when you set up this control in your component class, the disabled attribute will actually be set in the DOM for
  you. We recommend using this approach to avoid 'changed after checked' errors.

  Example:
  // Specify the `disabled` property at control creation time:
  form = new FormGroup({
    first: new FormControl({value: 'Nancy', disabled: true}, Validators.required),
    last: new FormControl('Drew', Validators.required)
  });

  // Controls can also be enabled/disabled after creation:
  form.get('first')?.enable();
  form.get('last')?.disable();


  It looks like you're using the disabled attribute with a reactive form directive. If you set disabled to true
  when you set up this control in your component class, the disabled attribute will actually be set in the DOM for
  you. We recommend using this approach to avoid 'changed after checked' errors.

  Example:
  // Specify the `disabled` property at control creation time:
  form = new FormGroup({
    first: new FormControl({value: 'Nancy', disabled: true}, Validators.required),
    last: new FormControl('Drew', Validators.required)
  });

  // Controls can also be enabled/disabled after creation:
  form.get('first')?.enable();
  form.get('last')?.disable();


  It looks like you're using the disabled attribute with a reactive form directive. If you set disabled to true
  when you set up this control in your component class, the disabled attribute will actually be set in the DOM for
  you. We recommend using this approach to avoid 'changed after checked' errors.

  Example:
  // Specify the `disabled` property at control creation time:
  form = new FormGroup({
    first: new FormControl({value: 'Nancy', disabled: true}, Validators.required),
    last: new FormControl('Drew', Validators.required)
  });

  // Controls can also be enabled/disabled after creation:
  form.get('first')?.enable();
  form.get('last')?.disable();


  It looks like you're using the disabled attribute with a reactive form directive. If you set disabled to true
  when you set up this control in your component class, the disabled attribute will actually be set in the DOM for
  you. We recommend using this approach to avoid 'changed after checked' errors.

  Example:
  // Specify the `disabled` property at control creation time:
  form = new FormGroup({
    first: new FormControl({value: 'Nancy', disabled: true}, Validators.required),
    last: new FormControl('Drew', Validators.required)
  });

  // Controls can also be enabled/disabled after creation:
  form.get('first')?.enable();
  form.get('last')?.disable();


  It looks like you're using the disabled attribute with a reactive form directive. If you set disabled to true
  when you set up this control in your component class, the disabled attribute will actually be set in the DOM for
  you. We recommend using this approach to avoid 'changed after checked' errors.

  Example:
  // Specify the `disabled` property at control creation time:
  form = new FormGroup({
    first: new FormControl({value: 'Nancy', disabled: true}, Validators.required),
    last: new FormControl('Drew', Validators.required)
  });

  // Controls can also be enabled/disabled after creation:
  form.get('first')?.enable();
  form.get('last')?.disable();


  It looks like you're using the disabled attribute with a reactive form directive. If you set disabled to true
  when you set up this control in your component class, the disabled attribute will actually be set in the DOM for
  you. We recommend using this approach to avoid 'changed after checked' errors.

  Example:
  // Specify the `disabled` property at control creation time:
  form = new FormGroup({
    first: new FormControl({value: 'Nancy', disabled: true}, Validators.required),
    last: new FormControl('Drew', Validators.required)
  });

  // Controls can also be enabled/disabled after creation:
  form.get('first')?.enable();
  form.get('last')?.disable();


  It looks like you're using the disabled attribute with a reactive form directive. If you set disabled to true
  when you set up this control in your component class, the disabled attribute will actually be set in the DOM for
  you. We recommend using this approach to avoid 'changed after checked' errors.

  Example:
  // Specify the `disabled` property at control creation time:
  form = new FormGroup({
    first: new FormControl({value: 'Nancy', disabled: true}, Validators.required),
    last: new FormControl('Drew', Validators.required)
  });

  // Controls can also be enabled/disabled after creation:
  form.get('first')?.enable();
  form.get('last')?.disable();


  It looks like you're using the disabled attribute with a reactive form directive. If you set disabled to true
  when you set up this control in your component class, the disabled attribute will actually be set in the DOM for
  you. We recommend using this approach to avoid 'changed after checked' errors.

  Example:
  // Specify the `disabled` property at control creation time:
  form = new FormGroup({
    first: new FormControl({value: 'Nancy', disabled: true}, Validators.required),
    last: new FormControl('Drew', Validators.required)
  });

  // Controls can also be enabled/disabled after creation:
  form.get('first')?.enable();
  form.get('last')?.disable();


  It looks like you're using the disabled attribute with a reactive form directive. If you set disabled to true
  when you set up this control in your component class, the disabled attribute will actually be set in the DOM for
  you. We recommend using this approach to avoid 'changed after checked' errors.

  Example:
  // Specify the `disabled` property at control creation time:
  form = new FormGroup({
    first: new FormControl({value: 'Nancy', disabled: true}, Validators.required),
    last: new FormControl('Drew', Validators.required)
  });

  // Controls can also be enabled/disabled after creation:
  form.get('first')?.enable();
  form.get('last')?.disable();


  It looks like you're using the disabled attribute with a reactive form directive. If you set disabled to true
  when you set up this control in your component class, the disabled attribute will actually be set in the DOM for
  you. We recommend using this approach to avoid 'changed after checked' errors.

  Example:
  // Specify the `disabled` property at control creation time:
  form = new FormGroup({
    first: new FormControl({value: 'Nancy', disabled: true}, Validators.required),
    last: new FormControl('Drew', Validators.required)
  });

  // Controls can also be enabled/disabled after creation:
  form.get('first')?.enable();
  form.get('last')?.disable();


  It looks like you're using the disabled attribute with a reactive form directive. If you set disabled to true
  when you set up this control in your component class, the disabled attribute will actually be set in the DOM for
  you. We recommend using this approach to avoid 'changed after checked' errors.

  Example:
  // Specify the `disabled` property at control creation time:
  form = new FormGroup({
    first: new FormControl({value: 'Nancy', disabled: true}, Validators.required),
    last: new FormControl('Drew', Validators.required)
  });

  // Controls can also be enabled/disabled after creation:
  form.get('first')?.enable();
  form.get('last')?.disable();


  It looks like you're using the disabled attribute with a reactive form directive. If you set disabled to true
  when you set up this control in your component class, the disabled attribute will actually be set in the DOM for
  you. We recommend using this approach to avoid 'changed after checked' errors.

  Example:
  // Specify the `disabled` property at control creation time:
  form = new FormGroup({
    first: new FormControl({value: 'Nancy', disabled: true}, Validators.required),
    last: new FormControl('Drew', Validators.required)
  });

  // Controls can also be enabled/disabled after creation:
  form.get('first')?.enable();
  form.get('last')?.disable();


<--- Last few GCs --->

[4380:00000182F74B1000]     7066 ms: Scavenge 133.0 (166.3) -> 112.2 (237.2) MB, pooled: 0 MB, 24.26 / 0.00 ms  (average mu = 0.983, current mu = 0.983) allocation failure; 
[4380:00000182F74B1000]    10534 ms: Mark-Compact 220.1 (302.3) -> 168.3 (299.9) MB, pooled: 0 MB, 37.17 / 0.00 ms  (+ 0.9 ms in 10 steps since start of marking, biggest step 0.5 ms, walltime since start of marking 170 ms) (average mu = 0.996, current mu 
FATAL ERROR: Zone Allocation failed - process out of memory
----- Native stack trace -----

 1: 00007FF6354950BF node::OnFatalError+1343
 2: 00007FF6340BDD27 v8::Function::NewInstance+423
 3: 00007FF633A35BC6 v8::SnapshotCreator::GetIsolate+56918
 4: 00007FF634A6F280 v8::base::DiyFp::Multiply+40368
 5: 00007FF63488AF29 v8::internal::compiler::CompilationDependencies::FieldTypeDependencyOffTheRecord+107193
 6: 00007FF63392B926 X509_ACERT_get0_notBefore+1782
 7: 00007FF63390921F SSL_CTX_get_client_CA_list+714239
 8: 00007FF63403A073 X509_STORE_CTX_get_check_issued+30899
 9: 00007FF63403C14A X509_STORE_CTX_get_check_issued+39306
10: 00007FF633ABCE71 v8::CodeEvent::GetFunctionName+170161
11: 00007FF633ABAF6F v8::CodeEvent::GetFunctionName+162223
12: 000001837D7375FA 
